******************************************************************************
             TMS320C2000 Linker PC v5.2.6                      
******************************************************************************
>> Linked Mon Dec 15 22:20:05 2014

OUTPUT FILE NAME:   <Bd_0.out>
ENTRY POINT SYMBOL: "_c_int00"  address: 0033991f


MEMORY CONFIGURATION

         name            origin    length      used     unused   attr    fill
----------------------  --------  ---------  --------  --------  ----  --------
PAGE 0:
  ZONE0                 00004000   00001000  00000000  00001000  RWIX
  RAML0                 00008000   00001800  0000000e  000017f2  RWIX
  RAML1                 00009800   00000800  00000000  00000800  RWIX
  RAML2                 0000a000   00001000  00000000  00001000  RWIX
  RAML3                 0000b000   00001000  00000000  00001000  RWIX
  ZONE6A                00100000   0000fc00  00000000  0000fc00  RWIX
  ZONE7                 00200000   00100000  00000000  00100000  RWIX
  FLASHH                00300000   00008000  00000000  00008000  RWIX
  FLASHG                00308000   00008000  00000000  00008000  RWIX
  FLASHF                00310000   00008000  00000000  00008000  RWIX
  FLASHE                00318000   00008000  00000000  00008000  RWIX
  FLASHD                00320000   00008000  0000000e  00007ff2  RWIX
  FLASHC                00328000   00008000  00000000  00008000  RWIX
  FLASHA                00338000   00007f80  00001d63  0000621d  RWIX
  CSM_RSVD              0033ff80   00000076  00000000  00000076  RWIX
  BEGIN                 0033fff6   00000002  00000002  00000000  RWIX
  CSM_PWL               0033fff8   00000008  00000000  00000008  RWIX
  ADC_CAL               00380080   00000009  00000007  00000002  RWIX
  OTP                   00380400   00000400  00000000  00000400  RWIX
  IQTABLES              003fe000   00000b50  00000000  00000b50  RWIX
  IQTABLES2             003feb50   0000008c  00000000  0000008c  RWIX
  FPUTABLES             003febdc   000006a0  00000000  000006a0  RWIX
  ROM                   003ff27c   00000d44  00000000  00000d44  RWIX
  RESET                 003fffc0   00000002  00000000  00000002  RWIX
  VECTORS               003fffc2   0000003e  00000000  0000003e  RWIX

PAGE 1:
  BOOT_RSVD             00000000   00000050  00000000  00000050  RWIX
  RAMM0                 00000050   000003b0  00000000  000003b0  RWIX
  RAMM1                 00000400   00000400  00000300  00000100  RWIX
  DEV_EMU               00000880   00000180  000000d0  000000b0  RWIX
  FLASH_REGS            00000a80   00000060  00000008  00000058  RWIX
  CSM                   00000ae0   00000010  00000010  00000000  RWIX
  ADC_MIRROR            00000b00   00000010  00000010  00000000  RWIX
  XINTF                 00000b20   00000020  0000001e  00000002  RWIX
  CPU_TIMER0            00000c00   00000008  00000008  00000000  RWIX
  CPU_TIMER1            00000c08   00000008  00000008  00000000  RWIX
  CPU_TIMER2            00000c10   00000008  00000008  00000000  RWIX
  PIE_CTRL              00000ce0   00000020  0000001a  00000006  RWIX
  PIE_VECT              00000d00   00000100  00000100  00000000  RWIX
  DMA                   00001000   00000200  000000e0  00000120  RWIX
  MCBSPA                00005000   00000040  00000025  0000001b  RWIX
  MCBSPB                00005040   00000040  00000025  0000001b  RWIX
  ECANA                 00006000   00000040  00000034  0000000c  RWIX
  ECANA_LAM             00006040   00000040  00000040  00000000  RWIX
  ECANA_MOTS            00006080   00000040  00000040  00000000  RWIX
  ECANA_MOTO            000060c0   00000040  00000040  00000000  RWIX
  ECANA_MBOX            00006100   00000100  00000100  00000000  RWIX
  ECANB                 00006200   00000040  00000034  0000000c  RWIX
  ECANB_LAM             00006240   00000040  00000040  00000000  RWIX
  ECANB_MOTS            00006280   00000040  00000040  00000000  RWIX
  ECANB_MOTO            000062c0   00000040  00000040  00000000  RWIX
  ECANB_MBOX            00006300   00000100  00000100  00000000  RWIX
  EPWM1                 00006800   00000022  00000022  00000000  RWIX
  EPWM2                 00006840   00000022  00000022  00000000  RWIX
  EPWM3                 00006880   00000022  00000022  00000000  RWIX
  EPWM4                 000068c0   00000022  00000022  00000000  RWIX
  EPWM5                 00006900   00000022  00000022  00000000  RWIX
  EPWM6                 00006940   00000022  00000022  00000000  RWIX
  ECAP1                 00006a00   00000020  00000020  00000000  RWIX
  ECAP2                 00006a20   00000020  00000020  00000000  RWIX
  ECAP3                 00006a40   00000020  00000020  00000000  RWIX
  ECAP4                 00006a60   00000020  00000020  00000000  RWIX
  ECAP5                 00006a80   00000020  00000020  00000000  RWIX
  ECAP6                 00006aa0   00000020  00000020  00000000  RWIX
  EQEP1                 00006b00   00000040  00000040  00000000  RWIX
  EQEP2                 00006b40   00000040  00000040  00000000  RWIX
  GPIOCTRL              00006f80   00000040  0000002e  00000012  RWIX
  GPIODAT               00006fc0   00000020  00000020  00000000  RWIX
  GPIOINT               00006fe0   00000020  0000000a  00000016  RWIX
  SYSTEM                00007010   00000020  00000020  00000000  RWIX
  SPIA                  00007040   00000010  00000010  00000000  RWIX
  SCIA                  00007050   00000010  00000010  00000000  RWIX
  XINTRUPT              00007070   00000010  00000010  00000000  RWIX
  ADC                   00007100   00000020  0000001e  00000002  RWIX
  SCIB                  00007750   00000010  00000010  00000000  RWIX
  SCIC                  00007770   00000010  00000010  00000000  RWIX
  I2CA                  00007900   00000040  00000022  0000001e  RWIX
  RAML4                 0000c000   00001000  00000d12  000002ee  RWIX
  RAML5                 0000d000   00001000  00000000  00001000  RWIX
  RAML6                 0000e000   00001000  00000000  00001000  RWIX
  RAML7                 0000f000   00001000  00000000  00001000  RWIX
  ZONE6B                0010fc00   00000400  00000000  00000400  RWIX
  FLASHB                00330000   00008000  00000000  00008000  RWIX
  CSM_PWL               0033fff8   00000008  00000008  00000000  RWIX
  PARTID                00380090   00000001  00000000  00000001  RWIX


SECTION ALLOCATION MAP

 output                                  attributes/
section   page    origin      length       input sections
--------  ----  ----------  ----------   ----------------
.pinit     0    00338000    00000000     UNINITIALIZED

ramfuncs   0    00320000    0000000e     RUN ADDR = 00008000
                  00320000    0000000e     DSP2833x_SysCtrl.obj (ramfuncs)

.text      0    00338000    00001a34     
                  00338000    00000796     User_Program.obj (.text)
                  00338796    00000323     DSP2833x_DefaultIsr.obj (.text)
                  00338ab9    00000301     User_CAN.obj (.text)
                  00338dba    0000026a     User_Init.obj (.text)
                  00339024    00000206     User_PID.obj (.text)
                  0033922a    00000149     DSP2833x_ECan.obj (.text)
                  00339373    00000115     main.obj (.text)
                  00339488    00000112     DSP2833x_Xintf.obj (.text)
                  0033959a    000000f8     DSP2833x_SysCtrl.obj (.text)
                  00339692    000000ee     DSP2833x_EPwm.obj (.text)
                  00339780    00000088     rts2800_fpu32.lib : fs_div.obj (.text)
                  00339808    0000005e                       : cos.obj (.text)
                  00339866    0000005d     DSP2833x_CpuTimers.obj (.text)
                  003398c3    0000005c     rts2800_fpu32.lib : sin.obj (.text)
                  0033991f    00000046                       : boot.obj (.text)
                  00339965    00000028     DSP2833x_PieCtrl.obj (.text)
                  0033998d    00000022     rts2800_fpu32.lib : i_div.obj (.text)
                  003399af    0000001b                       : args_main.obj (.text)
                  003399ca    00000019                       : exit.obj (.text)
                  003399e3    00000017     DSP2833x_Gpio.obj (.text)
                  003399fa    00000014     DSP2833x_Adc.obj (.text)
                  00339a0e    00000011     DSP2833x_PieVect.obj (.text)
                  00339a1f    00000009     rts2800_fpu32.lib : _lock.obj (.text)
                  00339a28    00000008     DSP2833x_CodeStartBranch.obj (.text)
                  00339a30    00000004     DSP2833x_usDelay.obj (.text)

.cinit     0    00339a34    0000022f     
                  00339a34    0000011e     User_Program.obj (.cinit)
                  00339b52    000000e1     User_PID.obj (.cinit)
                  00339c33    0000000c     main.obj (.cinit)
                  00339c3f    0000000a     User_CAN.obj (.cinit)
                  00339c49    0000000a     rts2800_fpu32.lib : _lock.obj (.cinit)
                  00339c53    0000000a                       : exit.obj (.cinit)
                  00339c5d    00000004     User_Init.obj (.cinit)
                  00339c61    00000002     --HOLE-- [fill = 0]

.econst    0    00339c64    00000100     
                  00339c64    00000100     DSP2833x_PieVect.obj (.econst)

codestart 
*          0    0033fff6    00000002     
                  0033fff6    00000002     DSP2833x_CodeStartBranch.obj (codestart)

.adc_cal   0    00380080    00000007     NOLOAD SECTION
                  00380080    00000007     DSP2833x_ADC_cal.obj (.adc_cal)

.reset     0    003fffc0    00000002     DSECT
                  003fffc0    00000002     rts2800_fpu32.lib : boot.obj (.reset)

vectors    0    003fffc2    00000000     DSECT

.stack     1    00000400    00000300     UNINITIALIZED
                  00000400    00000300     --HOLE--

DevEmuRegsFile 
*          1    00000880    000000d0     UNINITIALIZED
                  00000880    000000d0     DSP2833x_GlobalVariableDefs.obj (DevEmuRegsFile)

FlashRegsFile 
*          1    00000a80    00000008     UNINITIALIZED
                  00000a80    00000008     DSP2833x_GlobalVariableDefs.obj (FlashRegsFile)

CsmRegsFile 
*          1    00000ae0    00000010     UNINITIALIZED
                  00000ae0    00000010     DSP2833x_GlobalVariableDefs.obj (CsmRegsFile)

AdcMirrorFile 
*          1    00000b00    00000010     UNINITIALIZED
                  00000b00    00000010     DSP2833x_GlobalVariableDefs.obj (AdcMirrorFile)

XintfRegsFile 
*          1    00000b20    0000001e     UNINITIALIZED
                  00000b20    0000001e     DSP2833x_GlobalVariableDefs.obj (XintfRegsFile)

CpuTimer0RegsFile 
*          1    00000c00    00000008     UNINITIALIZED
                  00000c00    00000008     DSP2833x_GlobalVariableDefs.obj (CpuTimer0RegsFile)

CpuTimer1RegsFile 
*          1    00000c08    00000008     UNINITIALIZED
                  00000c08    00000008     DSP2833x_GlobalVariableDefs.obj (CpuTimer1RegsFile)

CpuTimer2RegsFile 
*          1    00000c10    00000008     UNINITIALIZED
                  00000c10    00000008     DSP2833x_GlobalVariableDefs.obj (CpuTimer2RegsFile)

PieCtrlRegsFile 
*          1    00000ce0    0000001a     UNINITIALIZED
                  00000ce0    0000001a     DSP2833x_GlobalVariableDefs.obj (PieCtrlRegsFile)

PieVectTableFile 
*          1    00000d00    00000100     UNINITIALIZED
                  00000d00    00000100     DSP2833x_GlobalVariableDefs.obj (PieVectTableFile)

DmaRegsFile 
*          1    00001000    000000e0     UNINITIALIZED
                  00001000    000000e0     DSP2833x_GlobalVariableDefs.obj (DmaRegsFile)

McbspaRegsFile 
*          1    00005000    00000025     UNINITIALIZED
                  00005000    00000025     DSP2833x_GlobalVariableDefs.obj (McbspaRegsFile)

McbspbRegsFile 
*          1    00005040    00000025     UNINITIALIZED
                  00005040    00000025     DSP2833x_GlobalVariableDefs.obj (McbspbRegsFile)

ECanaRegsFile 
*          1    00006000    00000034     UNINITIALIZED
                  00006000    00000034     DSP2833x_GlobalVariableDefs.obj (ECanaRegsFile)

ECanaLAMRegsFile 
*          1    00006040    00000040     UNINITIALIZED
                  00006040    00000040     DSP2833x_GlobalVariableDefs.obj (ECanaLAMRegsFile)

ECanaMOTSRegsFile 
*          1    00006080    00000040     UNINITIALIZED
                  00006080    00000040     DSP2833x_GlobalVariableDefs.obj (ECanaMOTSRegsFile)

ECanaMOTORegsFile 
*          1    000060c0    00000040     UNINITIALIZED
                  000060c0    00000040     DSP2833x_GlobalVariableDefs.obj (ECanaMOTORegsFile)

ECanaMboxesFile 
*          1    00006100    00000100     UNINITIALIZED
                  00006100    00000100     DSP2833x_GlobalVariableDefs.obj (ECanaMboxesFile)

ECanbRegsFile 
*          1    00006200    00000034     UNINITIALIZED
                  00006200    00000034     DSP2833x_GlobalVariableDefs.obj (ECanbRegsFile)

ECanbLAMRegsFile 
*          1    00006240    00000040     UNINITIALIZED
                  00006240    00000040     DSP2833x_GlobalVariableDefs.obj (ECanbLAMRegsFile)

ECanbMOTSRegsFile 
*          1    00006280    00000040     UNINITIALIZED
                  00006280    00000040     DSP2833x_GlobalVariableDefs.obj (ECanbMOTSRegsFile)

ECanbMOTORegsFile 
*          1    000062c0    00000040     UNINITIALIZED
                  000062c0    00000040     DSP2833x_GlobalVariableDefs.obj (ECanbMOTORegsFile)

ECanbMboxesFile 
*          1    00006300    00000100     UNINITIALIZED
                  00006300    00000100     DSP2833x_GlobalVariableDefs.obj (ECanbMboxesFile)

EPwm1RegsFile 
*          1    00006800    00000022     UNINITIALIZED
                  00006800    00000022     DSP2833x_GlobalVariableDefs.obj (EPwm1RegsFile)

EPwm2RegsFile 
*          1    00006840    00000022     UNINITIALIZED
                  00006840    00000022     DSP2833x_GlobalVariableDefs.obj (EPwm2RegsFile)

EPwm3RegsFile 
*          1    00006880    00000022     UNINITIALIZED
                  00006880    00000022     DSP2833x_GlobalVariableDefs.obj (EPwm3RegsFile)

EPwm4RegsFile 
*          1    000068c0    00000022     UNINITIALIZED
                  000068c0    00000022     DSP2833x_GlobalVariableDefs.obj (EPwm4RegsFile)

EPwm5RegsFile 
*          1    00006900    00000022     UNINITIALIZED
                  00006900    00000022     DSP2833x_GlobalVariableDefs.obj (EPwm5RegsFile)

EPwm6RegsFile 
*          1    00006940    00000022     UNINITIALIZED
                  00006940    00000022     DSP2833x_GlobalVariableDefs.obj (EPwm6RegsFile)

ECap1RegsFile 
*          1    00006a00    00000020     UNINITIALIZED
                  00006a00    00000020     DSP2833x_GlobalVariableDefs.obj (ECap1RegsFile)

ECap2RegsFile 
*          1    00006a20    00000020     UNINITIALIZED
                  00006a20    00000020     DSP2833x_GlobalVariableDefs.obj (ECap2RegsFile)

ECap3RegsFile 
*          1    00006a40    00000020     UNINITIALIZED
                  00006a40    00000020     DSP2833x_GlobalVariableDefs.obj (ECap3RegsFile)

ECap4RegsFile 
*          1    00006a60    00000020     UNINITIALIZED
                  00006a60    00000020     DSP2833x_GlobalVariableDefs.obj (ECap4RegsFile)

ECap5RegsFile 
*          1    00006a80    00000020     UNINITIALIZED
                  00006a80    00000020     DSP2833x_GlobalVariableDefs.obj (ECap5RegsFile)

ECap6RegsFile 
*          1    00006aa0    00000020     UNINITIALIZED
                  00006aa0    00000020     DSP2833x_GlobalVariableDefs.obj (ECap6RegsFile)

EQep1RegsFile 
*          1    00006b00    00000040     UNINITIALIZED
                  00006b00    00000040     DSP2833x_GlobalVariableDefs.obj (EQep1RegsFile)

EQep2RegsFile 
*          1    00006b40    00000040     UNINITIALIZED
                  00006b40    00000040     DSP2833x_GlobalVariableDefs.obj (EQep2RegsFile)

GpioCtrlRegsFile 
*          1    00006f80    0000002e     UNINITIALIZED
                  00006f80    0000002e     DSP2833x_GlobalVariableDefs.obj (GpioCtrlRegsFile)

GpioDataRegsFile 
*          1    00006fc0    00000020     UNINITIALIZED
                  00006fc0    00000020     DSP2833x_GlobalVariableDefs.obj (GpioDataRegsFile)

GpioIntRegsFile 
*          1    00006fe0    0000000a     UNINITIALIZED
                  00006fe0    0000000a     DSP2833x_GlobalVariableDefs.obj (GpioIntRegsFile)

SysCtrlRegsFile 
*          1    00007010    00000020     UNINITIALIZED
                  00007010    00000020     DSP2833x_GlobalVariableDefs.obj (SysCtrlRegsFile)

SpiaRegsFile 
*          1    00007040    00000010     UNINITIALIZED
                  00007040    00000010     DSP2833x_GlobalVariableDefs.obj (SpiaRegsFile)

SciaRegsFile 
*          1    00007050    00000010     UNINITIALIZED
                  00007050    00000010     DSP2833x_GlobalVariableDefs.obj (SciaRegsFile)

XIntruptRegsFile 
*          1    00007070    00000010     UNINITIALIZED
                  00007070    00000010     DSP2833x_GlobalVariableDefs.obj (XIntruptRegsFile)

AdcRegsFile 
*          1    00007100    0000001e     UNINITIALIZED
                  00007100    0000001e     DSP2833x_GlobalVariableDefs.obj (AdcRegsFile)

ScibRegsFile 
*          1    00007750    00000010     UNINITIALIZED
                  00007750    00000010     DSP2833x_GlobalVariableDefs.obj (ScibRegsFile)

ScicRegsFile 
*          1    00007770    00000010     UNINITIALIZED
                  00007770    00000010     DSP2833x_GlobalVariableDefs.obj (ScicRegsFile)

I2caRegsFile 
*          1    00007900    00000022     UNINITIALIZED
                  00007900    00000022     DSP2833x_GlobalVariableDefs.obj (I2caRegsFile)

.ebss      1    0000c000    00000d12     UNINITIALIZED
                  0000c000    00000c78     User_Program.obj (.ebss)
                  0000cc78    00000004     rts2800_fpu32.lib : _lock.obj (.ebss)
                  0000cc7c    00000004                       : exit.obj (.ebss)
                  0000cc80    0000005c     User_PID.obj (.ebss)
                  0000ccdc    00000018     DSP2833x_CpuTimers.obj (.ebss)
                  0000ccf4    00000003     main.obj (.ebss)
                  0000ccf7    00000001     User_Init.obj (.ebss)
                  0000ccf8    00000008     --HOLE--
                  0000cd00    00000012     User_CAN.obj (.ebss)

CsmPwlFile 
*          1    0033fff8    00000008     UNINITIALIZED
                  0033fff8    00000008     DSP2833x_GlobalVariableDefs.obj (CsmPwlFile)


GLOBAL SYMBOLS: SORTED ALPHABETICALLY BY Name 

address    name
--------   ----
00338000   .text
003399ca   C$$EXIT
00339780   FS$$DIV
0033998d   I$$DIV
0033999e   I$$MOD
003385c3   _ADC
00338aaf   _ADCINT_ISR
00338fed   _ADCInit
00380080   _ADC_cal
0000c072   _AD_Out
00000b00   _AdcMirror
00007100   _AdcRegs
0000c066   _AdcResult
00338dab   _Byte2Float
0000cd0a   _CAN2Data
00338676   _CLARK
00338fdc   _CPUTimer0_Init
00338d6e   _CanASend
00338b59   _CanCommunication
00338b09   _CanRecMBByte2Float
00338ac6   _CanSendMBLoadFloat
003398a1   _ConfigCpuTimer
00338694   _Control_process
0000ccec   _CpuTimer0
00000c00   _CpuTimer0Regs
0000ccdc   _CpuTimer1
00000c08   _CpuTimer1Regs
0000cce4   _CpuTimer2
00000c10   _CpuTimer2Regs
0033fff8   _CsmPwl
00000ae0   _CsmRegs
00339664   _CsmUnlock
00338aa5   _DATALOG_ISR
00338a9b   _DINTCH1_ISR
00338a91   _DINTCH2_ISR
00338a87   _DINTCH3_ISR
00338a7d   _DINTCH4_ISR
00338a73   _DINTCH5_ISR
00338a69   _DINTCH6_ISR
00339a30   _DSP28x_usDelay
0000cd06   _Data2CAN
003385bf   _DelayForDataReading
003385b0   _DelayUs
00000880   _DevEmuRegs
003395a4   _DisableDog
00001000   _DmaRegs
00338a5f   _ECAN0INTA_ISR
00338a55   _ECAN0INTB_ISR
00338a4b   _ECAN1INTA_ISR
00338a41   _ECAN1INTB_ISR
00338a37   _ECAP1_INT_ISR
00338a2d   _ECAP2_INT_ISR
00338a23   _ECAP3_INT_ISR
00338a19   _ECAP4_INT_ISR
00338a0f   _ECAP5_INT_ISR
00338a05   _ECAP6_INT_ISR
00339453   _ECan0_ISr
00339440   _ECan1_ISr
00006040   _ECanaLAMRegs
000060c0   _ECanaMOTORegs
00006080   _ECanaMOTSRegs
00006100   _ECanaMboxes
00006000   _ECanaRegs
00006240   _ECanbLAMRegs
000062c0   _ECanbMOTORegs
00006280   _ECanbMOTSRegs
00006300   _ECanbMboxes
00006200   _ECanbRegs
00006a00   _ECap1Regs
00006a20   _ECap2Regs
00006a40   _ECap3Regs
00006a60   _ECap4Regs
00006a80   _ECap5Regs
00006aa0   _ECap6Regs
003389f8   _EMPTY_ISR
003389ee   _EMUINT_ISR
00338f91   _EPWM1Init
003389e4   _EPWM1_INT_ISR
003389da   _EPWM1_TZINT_ISR
00338f53   _EPWM2Init
003389d0   _EPWM2_INT_ISR
003389c6   _EPWM2_TZINT_ISR
00338f15   _EPWM3Init
003389bc   _EPWM3_INT_ISR
003389b2   _EPWM3_TZINT_ISR
003389a8   _EPWM4_INT_ISR
0033899e   _EPWM4_TZINT_ISR
00338994   _EPWM5_INT_ISR
0033898a   _EPWM5_TZINT_ISR
00338980   _EPWM6_INT_ISR
00338976   _EPWM6_TZINT_ISR
00006800   _EPwm1Regs
00006840   _EPwm2Regs
00006880   _EPwm3Regs
000068c0   _EPwm4Regs
00006900   _EPwm5Regs
00006940   _EPwm6Regs
0033896c   _EQEP1_INT_ISR
00338962   _EQEP2_INT_ISR
00006b00   _EQep1Regs
00006b40   _EQep2Regs
00339984   _EnableInterrupts
00000a80   _FlashRegs
00338ab9   _Float2Byte
00338efa   _GPIO_Init
00006f80   _GpioCtrlRegs
00006fc0   _GpioDataRegs
00006fe0   _GpioIntRegs
0000c024   _Half_Tpwm
00338958   _I2CINT1A_ISR
0033894e   _I2CINT2A_ISR
00007900   _I2caRegs
00338944   _ILLEGAL_ISR
0033893a   _INT13_ISR
00338930   _INT14_ISR
0000ccf4   _I_LED
0000c07a   _Ia_Buffer
0000c044   _Ia_Current
0000c04a   _Ia_average
0000c080   _Ib_Buffer
0000c046   _Ib_Current
0000c048   _Ib_average
003399fa   _InitAdc
00339866   _InitCpuTimers
0033936e   _InitECan
00339369   _InitECanGpio
003392bd   _InitECana
003392a2   _InitECanaGpio
00339242   _InitECanb
0033922a   _InitECanbGpio
0033977f   _InitEPwm
003396ea   _InitEPwm1Gpio
00339700   _InitEPwm2Gpio
00339716   _InitEPwm3Gpio
0033972e   _InitEPwm4Gpio
00339746   _InitEPwm5Gpio
0033975c   _InitEPwm6Gpio
00339772   _InitEPwmGpio
003396cf   _InitEPwmSyncGpio
00008000   _InitFlash
003399e3   _InitGpio
003395f6   _InitPeripheralClocks
00339965   _InitPieCtrl
00339a0e   _InitPieVectTable
003395ac   _InitPll
0033965b   _InitSysCtrl
00339692   _InitTzGpio
0033953b   _InitXintf
00339488   _InitXintf16Gpio
003394eb   _InitXintf32Gpio
00338571   _Inverse_PARK
0000c03a   _Is_a
0000c018   _Is_alpha
0000c034   _Is_b
0000c012   _Is_beta
0000c036   _Is_d
0000c040   _Is_q
0000c032   _Joint_data
0000c02c   _Joint_position
0000ccf6   _LED
00338926   _LUF_ISR
0033891c   _LVF_ISR
00338912   _MRINTA_ISR
00338908   _MRINTB_ISR
003388fe   _MXINTA_ISR
003388f4   _MXINTB_ISR
00338e9c   _Mcbsp_spi_init
00005000   _McbspaRegs
00005040   _McbspbRegs
003388ea   _NMI_ISR
0033852f   _PARK
003388e0   _PIE_RESERVED
00338e6b   _POWER_IO_Init
00338e37   _PWM_GPio_Init
00000ce0   _PieCtrlRegs
00000d00   _PieVectTable
00339c64   _PieVectTableInit
0033840b   _Position_Calculate
0000c05e   _Position_Rota
0000c062   _Position_Rota_joint
0000c01a   _Position_TEMP
0000c01c   _Present_Motor_Position
0033837f   _RESOLVER_DATCON
003388d6   _RTOSINT_ISR
0032000e   _RamfuncsLoadEnd
00320000   _RamfuncsLoadStart
00008000   _RamfuncsRunStart
003388cc   _SCIRXINTA_ISR
003388c2   _SCIRXINTB_ISR
003388b8   _SCIRXINTC_ISR
003388ae   _SCITXINTA_ISR
003388a4   _SCITXINTB_ISR
0033889a   _SCITXINTC_ISR
00338890   _SEQ1INT_ISR
00338886   _SEQ2INT_ISR
0033887c   _SPIRXINTA_ISR
00338872   _SPITXINTA_ISR
00338175   _SVPWM
00007050   _SciaRegs
00007750   _ScibRegs
00007770   _ScicRegs
0000c06a   _Sensor_Coeff
0033959a   _ServiceDog
0000c028   _Speed_Current_joint
0000c03c   _Speed_Current_temp
0000c03e   _Speed_Current_temp_joint
00007040   _SpiaRegs
00007010   _SysCtrlRegs
00338868   _TINT0_ISR
0000c01e   _Theta_S
0000c001   _Time_C_a
0000c003   _Time_C_b
0000c002   _Time_C_c
0000c02a   _Time_Coefficient
0033885e   _USER10_ISR
00338854   _USER11_ISR
0033884a   _USER12_ISR
00338840   _USER1_ISR
00338836   _USER2_ISR
0033882c   _USER3_ISR
00338822   _USER4_ISR
00338818   _USER5_ISR
0033880e   _USER6_ISR
00338804   _USER7_ISR
003387fa   _USER8_ISR
003387f0   _USER9_ISR
0000c042   _Udc
0000c022   _Us_alpha
0000c020   _Us_beta
0000c016   _Us_d
0000c038   _Us_q
0000c005   _Us_quadrant
0000c076   _Voltage_Offset
003387e6   _WAKEINT_ISR
003387dc   _XINT1_ISR
003387d2   _XINT2_ISR
003387c8   _XINT3_ISR
003387be   _XINT4_ISR
003387b4   _XINT5_ISR
003387aa   _XINT6_ISR
003387a0   _XINT7_ISR
00007070   _XIntruptRegs
00000b20   _XintfRegs
00000700   __STACK_END
00000300   __STACK_SIZE
00000001   __TI_args_main
ffffffff   ___binit__
ffffffff   ___c_args__
00339a34   ___cinit__
00339a34   ___etext__
ffffffff   ___pinit__
00338000   ___text__
003399af   __args_main
0000cc7c   __cleanup_ptr
0000cc7e   __dtors_ptr
0000cc7a   __lock
00339a27   __nop
00339a23   __register_lock
00339a1f   __register_unlock
00000400   __stack
0000cc78   __unlock
0000c0c0   _aaa
003399ca   _abort
0033991f   _c_int00
0000cd0e   _change_Byte
0000cd04   _char_byte
0000c00c   _check
00339808   _cos
00339424   _cpu_timer0_isr
0000cc92   _current_limit
0000c054   _current_time
0000c007   _current_times
0000c010   _data
003393e5   _epwm1_isr
003399cc   _exit
00338082   _five_interpolation
0000c026   _high_data
0000c00e   _i
0000ccf7   _i2
003391d0   _iCONTROLLER_d
00339171   _iCONTROLLER_q
0000cc94   _iERR1_d
0000cca4   _iERR1_q
0000cc86   _iERR2_d
0000cc9a   _iERR2_q
0000cc82   _iERR_d
0000cc9e   _iERR_q
0000c04e   _iFB_d
0000c04c   _iFB_q
0000cc80   _iKD_d
0000ccac   _iKD_q
0000cc8a   _iKI_d
0000ccca   _iKI_q
0000cc84   _iKP_d
0000cca8   _iKP_q
0000cca6   _iOUT_DOWN_LIM_d
0000cca2   _iOUT_DOWN_LIM_q
0000ccaa   _iOUT_LAST_d
0000ccae   _iOUT_LAST_q
0000ccb0   _iOUT_UP_LIM_d
0000cca0   _iOUT_UP_LIM_q
0000cc88   _iOUT_d
0000cc9c   _iOUT_q
0000c056   _iREF_d
0000c050   _iREF_q
0000c00a   _i_var
0000c006   _icounter
0000c00f   _iia
0000c004   _iib
0000c011   _k1
0000ccf5   _loop
0000c030   _low_data
00339373   _main
0000c008   _mode_choose
0000c00d   _motor_data
0000c02e   _motor_position
0033907c   _pCONTROLLER
0000ccc0   _pERR
0000ccb8   _pERR1
0000ccba   _pERR2
0000ccb4   _pFB
0000ccbc   _pKD
0000ccb6   _pKI
0000ccbe   _pKP
0000ccd2   _pOUT
0000ccd0   _pOUT_DOWN_LIM
0000ccd8   _pOUT_LAST
0000ccce   _pOUT_UP_LIM
0000ccb2   _pREF
0000c052   _pREF_CAN
0000c00b   _p_flag
0000c058   _p_max
0000c014   _p_min
0000cd02   _p_origin
0000c086   _position_joint
0000c000   _position_times
0000c05a   _rdata
00338796   _rsvd_ISR
00339024   _sCONTROLLER
00338000   _sCalculation
0000ccc4   _sERR
0000ccd6   _sERR1
0000ccc8   _sERR2
0000ccc2   _sFB
0000ccc6   _sKD
0000ccd4   _sKI
0000ccda   _sKP
0000cc90   _sOUT
0000cc8e   _sOUT_DOWN_LIM
0000cc96   _sOUT_LAST
0000cc8c   _sOUT_UP_LIM
0000cccc   _sREF
0000cc98   _sREF_LAST
0000c06e   _sdata
003398c3   _sin
00338dd5   _spi_GPio_Init
00338dcd   _spi_fifo_init
00338dba   _spi_init
0000cd00   _total_time
0000c009   _velocity_times
ffffffff   binit
00339a34   cinit
0033fff6   code_start
00339a34   etext
ffffffff   pinit


GLOBAL SYMBOLS: SORTED BY Symbol Address 

address    name
--------   ----
00000001   __TI_args_main
00000300   __STACK_SIZE
00000400   __stack
00000700   __STACK_END
00000880   _DevEmuRegs
00000a80   _FlashRegs
00000ae0   _CsmRegs
00000b00   _AdcMirror
00000b20   _XintfRegs
00000c00   _CpuTimer0Regs
00000c08   _CpuTimer1Regs
00000c10   _CpuTimer2Regs
00000ce0   _PieCtrlRegs
00000d00   _PieVectTable
00001000   _DmaRegs
00005000   _McbspaRegs
00005040   _McbspbRegs
00006000   _ECanaRegs
00006040   _ECanaLAMRegs
00006080   _ECanaMOTSRegs
000060c0   _ECanaMOTORegs
00006100   _ECanaMboxes
00006200   _ECanbRegs
00006240   _ECanbLAMRegs
00006280   _ECanbMOTSRegs
000062c0   _ECanbMOTORegs
00006300   _ECanbMboxes
00006800   _EPwm1Regs
00006840   _EPwm2Regs
00006880   _EPwm3Regs
000068c0   _EPwm4Regs
00006900   _EPwm5Regs
00006940   _EPwm6Regs
00006a00   _ECap1Regs
00006a20   _ECap2Regs
00006a40   _ECap3Regs
00006a60   _ECap4Regs
00006a80   _ECap5Regs
00006aa0   _ECap6Regs
00006b00   _EQep1Regs
00006b40   _EQep2Regs
00006f80   _GpioCtrlRegs
00006fc0   _GpioDataRegs
00006fe0   _GpioIntRegs
00007010   _SysCtrlRegs
00007040   _SpiaRegs
00007050   _SciaRegs
00007070   _XIntruptRegs
00007100   _AdcRegs
00007750   _ScibRegs
00007770   _ScicRegs
00007900   _I2caRegs
00008000   _InitFlash
00008000   _RamfuncsRunStart
0000c000   _position_times
0000c001   _Time_C_a
0000c002   _Time_C_c
0000c003   _Time_C_b
0000c004   _iib
0000c005   _Us_quadrant
0000c006   _icounter
0000c007   _current_times
0000c008   _mode_choose
0000c009   _velocity_times
0000c00a   _i_var
0000c00b   _p_flag
0000c00c   _check
0000c00d   _motor_data
0000c00e   _i
0000c00f   _iia
0000c010   _data
0000c011   _k1
0000c012   _Is_beta
0000c014   _p_min
0000c016   _Us_d
0000c018   _Is_alpha
0000c01a   _Position_TEMP
0000c01c   _Present_Motor_Position
0000c01e   _Theta_S
0000c020   _Us_beta
0000c022   _Us_alpha
0000c024   _Half_Tpwm
0000c026   _high_data
0000c028   _Speed_Current_joint
0000c02a   _Time_Coefficient
0000c02c   _Joint_position
0000c02e   _motor_position
0000c030   _low_data
0000c032   _Joint_data
0000c034   _Is_b
0000c036   _Is_d
0000c038   _Us_q
0000c03a   _Is_a
0000c03c   _Speed_Current_temp
0000c03e   _Speed_Current_temp_joint
0000c040   _Is_q
0000c042   _Udc
0000c044   _Ia_Current
0000c046   _Ib_Current
0000c048   _Ib_average
0000c04a   _Ia_average
0000c04c   _iFB_q
0000c04e   _iFB_d
0000c050   _iREF_q
0000c052   _pREF_CAN
0000c054   _current_time
0000c056   _iREF_d
0000c058   _p_max
0000c05a   _rdata
0000c05e   _Position_Rota
0000c062   _Position_Rota_joint
0000c066   _AdcResult
0000c06a   _Sensor_Coeff
0000c06e   _sdata
0000c072   _AD_Out
0000c076   _Voltage_Offset
0000c07a   _Ia_Buffer
0000c080   _Ib_Buffer
0000c086   _position_joint
0000c0c0   _aaa
0000cc78   __unlock
0000cc7a   __lock
0000cc7c   __cleanup_ptr
0000cc7e   __dtors_ptr
0000cc80   _iKD_d
0000cc82   _iERR_d
0000cc84   _iKP_d
0000cc86   _iERR2_d
0000cc88   _iOUT_d
0000cc8a   _iKI_d
0000cc8c   _sOUT_UP_LIM
0000cc8e   _sOUT_DOWN_LIM
0000cc90   _sOUT
0000cc92   _current_limit
0000cc94   _iERR1_d
0000cc96   _sOUT_LAST
0000cc98   _sREF_LAST
0000cc9a   _iERR2_q
0000cc9c   _iOUT_q
0000cc9e   _iERR_q
0000cca0   _iOUT_UP_LIM_q
0000cca2   _iOUT_DOWN_LIM_q
0000cca4   _iERR1_q
0000cca6   _iOUT_DOWN_LIM_d
0000cca8   _iKP_q
0000ccaa   _iOUT_LAST_d
0000ccac   _iKD_q
0000ccae   _iOUT_LAST_q
0000ccb0   _iOUT_UP_LIM_d
0000ccb2   _pREF
0000ccb4   _pFB
0000ccb6   _pKI
0000ccb8   _pERR1
0000ccba   _pERR2
0000ccbc   _pKD
0000ccbe   _pKP
0000ccc0   _pERR
0000ccc2   _sFB
0000ccc4   _sERR
0000ccc6   _sKD
0000ccc8   _sERR2
0000ccca   _iKI_q
0000cccc   _sREF
0000ccce   _pOUT_UP_LIM
0000ccd0   _pOUT_DOWN_LIM
0000ccd2   _pOUT
0000ccd4   _sKI
0000ccd6   _sERR1
0000ccd8   _pOUT_LAST
0000ccda   _sKP
0000ccdc   _CpuTimer1
0000cce4   _CpuTimer2
0000ccec   _CpuTimer0
0000ccf4   _I_LED
0000ccf5   _loop
0000ccf6   _LED
0000ccf7   _i2
0000cd00   _total_time
0000cd02   _p_origin
0000cd04   _char_byte
0000cd06   _Data2CAN
0000cd0a   _CAN2Data
0000cd0e   _change_Byte
00320000   _RamfuncsLoadStart
0032000e   _RamfuncsLoadEnd
00338000   .text
00338000   ___text__
00338000   _sCalculation
00338082   _five_interpolation
00338175   _SVPWM
0033837f   _RESOLVER_DATCON
0033840b   _Position_Calculate
0033852f   _PARK
00338571   _Inverse_PARK
003385b0   _DelayUs
003385bf   _DelayForDataReading
003385c3   _ADC
00338676   _CLARK
00338694   _Control_process
00338796   _rsvd_ISR
003387a0   _XINT7_ISR
003387aa   _XINT6_ISR
003387b4   _XINT5_ISR
003387be   _XINT4_ISR
003387c8   _XINT3_ISR
003387d2   _XINT2_ISR
003387dc   _XINT1_ISR
003387e6   _WAKEINT_ISR
003387f0   _USER9_ISR
003387fa   _USER8_ISR
00338804   _USER7_ISR
0033880e   _USER6_ISR
00338818   _USER5_ISR
00338822   _USER4_ISR
0033882c   _USER3_ISR
00338836   _USER2_ISR
00338840   _USER1_ISR
0033884a   _USER12_ISR
00338854   _USER11_ISR
0033885e   _USER10_ISR
00338868   _TINT0_ISR
00338872   _SPITXINTA_ISR
0033887c   _SPIRXINTA_ISR
00338886   _SEQ2INT_ISR
00338890   _SEQ1INT_ISR
0033889a   _SCITXINTC_ISR
003388a4   _SCITXINTB_ISR
003388ae   _SCITXINTA_ISR
003388b8   _SCIRXINTC_ISR
003388c2   _SCIRXINTB_ISR
003388cc   _SCIRXINTA_ISR
003388d6   _RTOSINT_ISR
003388e0   _PIE_RESERVED
003388ea   _NMI_ISR
003388f4   _MXINTB_ISR
003388fe   _MXINTA_ISR
00338908   _MRINTB_ISR
00338912   _MRINTA_ISR
0033891c   _LVF_ISR
00338926   _LUF_ISR
00338930   _INT14_ISR
0033893a   _INT13_ISR
00338944   _ILLEGAL_ISR
0033894e   _I2CINT2A_ISR
00338958   _I2CINT1A_ISR
00338962   _EQEP2_INT_ISR
0033896c   _EQEP1_INT_ISR
00338976   _EPWM6_TZINT_ISR
00338980   _EPWM6_INT_ISR
0033898a   _EPWM5_TZINT_ISR
00338994   _EPWM5_INT_ISR
0033899e   _EPWM4_TZINT_ISR
003389a8   _EPWM4_INT_ISR
003389b2   _EPWM3_TZINT_ISR
003389bc   _EPWM3_INT_ISR
003389c6   _EPWM2_TZINT_ISR
003389d0   _EPWM2_INT_ISR
003389da   _EPWM1_TZINT_ISR
003389e4   _EPWM1_INT_ISR
003389ee   _EMUINT_ISR
003389f8   _EMPTY_ISR
00338a05   _ECAP6_INT_ISR
00338a0f   _ECAP5_INT_ISR
00338a19   _ECAP4_INT_ISR
00338a23   _ECAP3_INT_ISR
00338a2d   _ECAP2_INT_ISR
00338a37   _ECAP1_INT_ISR
00338a41   _ECAN1INTB_ISR
00338a4b   _ECAN1INTA_ISR
00338a55   _ECAN0INTB_ISR
00338a5f   _ECAN0INTA_ISR
00338a69   _DINTCH6_ISR
00338a73   _DINTCH5_ISR
00338a7d   _DINTCH4_ISR
00338a87   _DINTCH3_ISR
00338a91   _DINTCH2_ISR
00338a9b   _DINTCH1_ISR
00338aa5   _DATALOG_ISR
00338aaf   _ADCINT_ISR
00338ab9   _Float2Byte
00338ac6   _CanSendMBLoadFloat
00338b09   _CanRecMBByte2Float
00338b59   _CanCommunication
00338d6e   _CanASend
00338dab   _Byte2Float
00338dba   _spi_init
00338dcd   _spi_fifo_init
00338dd5   _spi_GPio_Init
00338e37   _PWM_GPio_Init
00338e6b   _POWER_IO_Init
00338e9c   _Mcbsp_spi_init
00338efa   _GPIO_Init
00338f15   _EPWM3Init
00338f53   _EPWM2Init
00338f91   _EPWM1Init
00338fdc   _CPUTimer0_Init
00338fed   _ADCInit
00339024   _sCONTROLLER
0033907c   _pCONTROLLER
00339171   _iCONTROLLER_q
003391d0   _iCONTROLLER_d
0033922a   _InitECanbGpio
00339242   _InitECanb
003392a2   _InitECanaGpio
003392bd   _InitECana
00339369   _InitECanGpio
0033936e   _InitECan
00339373   _main
003393e5   _epwm1_isr
00339424   _cpu_timer0_isr
00339440   _ECan1_ISr
00339453   _ECan0_ISr
00339488   _InitXintf16Gpio
003394eb   _InitXintf32Gpio
0033953b   _InitXintf
0033959a   _ServiceDog
003395a4   _DisableDog
003395ac   _InitPll
003395f6   _InitPeripheralClocks
0033965b   _InitSysCtrl
00339664   _CsmUnlock
00339692   _InitTzGpio
003396cf   _InitEPwmSyncGpio
003396ea   _InitEPwm1Gpio
00339700   _InitEPwm2Gpio
00339716   _InitEPwm3Gpio
0033972e   _InitEPwm4Gpio
00339746   _InitEPwm5Gpio
0033975c   _InitEPwm6Gpio
00339772   _InitEPwmGpio
0033977f   _InitEPwm
00339780   FS$$DIV
00339808   _cos
00339866   _InitCpuTimers
003398a1   _ConfigCpuTimer
003398c3   _sin
0033991f   _c_int00
00339965   _InitPieCtrl
00339984   _EnableInterrupts
0033998d   I$$DIV
0033999e   I$$MOD
003399af   __args_main
003399ca   C$$EXIT
003399ca   _abort
003399cc   _exit
003399e3   _InitGpio
003399fa   _InitAdc
00339a0e   _InitPieVectTable
00339a1f   __register_unlock
00339a23   __register_lock
00339a27   __nop
00339a30   _DSP28x_usDelay
00339a34   ___cinit__
00339a34   ___etext__
00339a34   cinit
00339a34   etext
00339c64   _PieVectTableInit
0033fff6   code_start
0033fff8   _CsmPwl
00380080   _ADC_cal
ffffffff   ___binit__
ffffffff   ___c_args__
ffffffff   ___pinit__
ffffffff   binit
ffffffff   pinit

[365 symbols]
