******************************************************************************
             TMS320C2000 Linker PC v5.2.6                      
******************************************************************************
>> Linked Sun Jan 21 15:06:34 2018

OUTPUT FILE NAME:   <Bd_0.out>
ENTRY POINT SYMBOL: "_c_int00"  address: 0000a582


MEMORY CONFIGURATION

         name            origin    length      used     unused   attr    fill
----------------------  --------  ---------  --------  --------  ----  --------
PAGE 0:
  BEGIN                 00000000   00000002  00000002  00000000  RWIX
  RAMM0                 00000050   000003b0  00000000  000003b0  RWIX
  RAML0                 00008000   00001000  000001fb  00000e05  RWIX
  RAML1                 00009000   00003000  000016a6  0000195a  RWIX
  ZONE7A                00200000   0000fc00  00000000  0000fc00  RWIX
  CSM_RSVD              0033ff80   00000076  00000000  00000076  RWIX
  CSM_PWL               0033fff8   00000008  00000000  00000008  RWIX
  ADC_CAL               00380080   00000009  00000007  00000002  RWIX
  IQTABLES              003fe000   00000b50  00000000  00000b50  RWIX
  IQTABLES2             003feb50   0000008c  00000000  0000008c  RWIX
  FPUTABLES             003febdc   000006a0  00000000  000006a0  RWIX
  BOOTROM               003ff27c   00000d44  00000000  00000d44  RWIX
  RESET                 003fffc0   00000002  00000000  00000002  RWIX

PAGE 1:
  BOOT_RSVD             00000002   0000004e  00000000  0000004e  RWIX
  RAMM1                 00000400   00000400  00000300  00000100  RWIX
  DEV_EMU               00000880   00000180  000000d0  000000b0  RWIX
  FLASH_REGS            00000a80   00000060  00000008  00000058  RWIX
  CSM                   00000ae0   00000010  00000010  00000000  RWIX
  ADC_MIRROR            00000b00   00000010  00000010  00000000  RWIX
  XINTF                 00000b20   00000020  0000001e  00000002  RWIX
  CPU_TIMER0            00000c00   00000008  00000008  00000000  RWIX
  CPU_TIMER1            00000c08   00000008  00000008  00000000  RWIX
  CPU_TIMER2            00000c10   00000008  00000008  00000000  RWIX
  PIE_CTRL              00000ce0   00000020  0000001a  00000006  RWIX
  PIE_VECT              00000d00   00000100  00000100  00000000  RWIX
  DMA                   00001000   00000200  000000e0  00000120  RWIX
  MCBSPA                00005000   00000040  00000025  0000001b  RWIX
  MCBSPB                00005040   00000040  00000025  0000001b  RWIX
  ECANA                 00006000   00000040  00000034  0000000c  RWIX
  ECANA_LAM             00006040   00000040  00000040  00000000  RWIX
  ECANA_MOTS            00006080   00000040  00000040  00000000  RWIX
  ECANA_MOTO            000060c0   00000040  00000040  00000000  RWIX
  ECANA_MBOX            00006100   00000100  00000100  00000000  RWIX
  ECANB                 00006200   00000040  00000034  0000000c  RWIX
  ECANB_LAM             00006240   00000040  00000040  00000000  RWIX
  ECANB_MOTS            00006280   00000040  00000040  00000000  RWIX
  ECANB_MOTO            000062c0   00000040  00000040  00000000  RWIX
  ECANB_MBOX            00006300   00000100  00000100  00000000  RWIX
  EPWM1                 00006800   00000022  00000022  00000000  RWIX
  EPWM2                 00006840   00000022  00000022  00000000  RWIX
  EPWM3                 00006880   00000022  00000022  00000000  RWIX
  EPWM4                 000068c0   00000022  00000022  00000000  RWIX
  EPWM5                 00006900   00000022  00000022  00000000  RWIX
  EPWM6                 00006940   00000022  00000022  00000000  RWIX
  ECAP1                 00006a00   00000020  00000020  00000000  RWIX
  ECAP2                 00006a20   00000020  00000020  00000000  RWIX
  ECAP3                 00006a40   00000020  00000020  00000000  RWIX
  ECAP4                 00006a60   00000020  00000020  00000000  RWIX
  ECAP5                 00006a80   00000020  00000020  00000000  RWIX
  ECAP6                 00006aa0   00000020  00000020  00000000  RWIX
  EQEP1                 00006b00   00000040  00000040  00000000  RWIX
  EQEP2                 00006b40   00000040  00000040  00000000  RWIX
  GPIOCTRL              00006f80   00000040  0000002e  00000012  RWIX
  GPIODAT               00006fc0   00000020  00000020  00000000  RWIX
  GPIOINT               00006fe0   00000020  0000000a  00000016  RWIX
  SYSTEM                00007010   00000020  00000020  00000000  RWIX
  SPIA                  00007040   00000010  00000010  00000000  RWIX
  SCIA                  00007050   00000010  00000010  00000000  RWIX
  XINTRUPT              00007070   00000010  00000010  00000000  RWIX
  ADC                   00007100   00000020  0000001e  00000002  RWIX
  SCIB                  00007750   00000010  00000010  00000000  RWIX
  SCIC                  00007770   00000010  00000010  00000000  RWIX
  I2CA                  00007900   00000040  00000022  0000001e  RWIX
  RAML4                 0000c000   00001000  00000105  00000efb  RWIX
  RAML5                 0000d000   00001000  00000100  00000f00  RWIX
  RAML6                 0000e000   00001000  00000000  00001000  RWIX
  RAML7                 0000f000   00001000  00000000  00001000  RWIX
  ZONE7B                0020fc00   00000400  00000000  00000400  RWIX
  CSM_PWL               0033fff8   00000008  00000008  00000000  RWIX
  PARTID                00380090   00000001  00000000  00000001  RWIX


SECTION ALLOCATION MAP

 output                                  attributes/
section   page    origin      length       input sections
--------  ----  ----------  ----------   ----------------
codestart 
*          0    00000000    00000002     
                  00000000    00000002     DSP2833x_CodeStartBranch.obj (codestart)

.pinit     0    00008000    00000000     UNINITIALIZED

.cinit     0    00008000    000001ed     
                  00008000    000000eb     User_PID.obj (.cinit)
                  000080eb    000000d7     User_Program.obj (.cinit)
                  000081c2    00000011     main.obj (.cinit)
                  000081d3    0000000a     rts2800_fpu32.lib : _lock.obj (.cinit)
                  000081dd    0000000a                       : exit.obj (.cinit)
                  000081e7    00000004     User_Init.obj (.cinit)
                  000081eb    00000002     --HOLE-- [fill = 0]

ramfuncs   0    000081ed    0000000e     
                  000081ed    0000000e     DSP2833x_SysCtrl.obj (ramfuncs)

.text      0    00009000    000016a6     
                  00009000    0000072e     User_Program.obj (.text)
                  0000972e    00000323     DSP2833x_DefaultIsr.obj (.text)
                  00009a51    00000253     User_Init.obj (.text)
                  00009ca4    000001ce     User_PID.obj (.text)
                  00009e72    00000186     DSP2833x_ECan.obj (.text)
                  00009ff8    000000f3     DSP2833x_SysCtrl.obj (.text)
                  0000a0eb    000000ef     DSP2833x_Xintf.obj (.text)
                  0000a1da    000000ce     main.obj (.text)
                  0000a2a8    000000c8     DSP2833x_EPwm.obj (.text)
                  0000a370    00000088     rts2800_fpu32.lib : fs_div.obj (.text)
                  0000a3f8    0000007a     DSP2833x_CpuTimers.obj (.text)
                  0000a472    0000005e     rts2800_fpu32.lib : cos.obj (.text)
                  0000a4d0    0000005c                       : sin.obj (.text)
                  0000a52c    00000056     DSP2833x_EQep.obj (.text)
                  0000a582    00000046     rts2800_fpu32.lib : boot.obj (.text)
                  0000a5c8    00000028     DSP2833x_PieCtrl.obj (.text)
                  0000a5f0    00000022     rts2800_fpu32.lib : i_div.obj (.text)
                  0000a612    00000020     DSP2833x_PieVect.obj (.text)
                  0000a632    0000001b     rts2800_fpu32.lib : args_main.obj (.text)
                  0000a64d    00000019                       : exit.obj (.text)
                  0000a666    00000017     DSP2833x_Gpio.obj (.text)
                  0000a67d    00000014     DSP2833x_Adc.obj (.text)
                  0000a691    00000009     rts2800_fpu32.lib : _lock.obj (.text)
                  0000a69a    00000008     DSP2833x_CodeStartBranch.obj (.text)
                  0000a6a2    00000004     DSP2833x_usDelay.obj (.text)

csm_rsvd   0    0033ff80    00000000     DSECT

csmpasswds 
*          0    0033fff8    00000000     DSECT

.adc_cal   0    00380080    00000007     NOLOAD SECTION
                  00380080    00000007     DSP2833x_ADC_cal.obj (.adc_cal)

.reset     0    003fffc0    00000002     DSECT
                  003fffc0    00000002     rts2800_fpu32.lib : boot.obj (.reset)

.stack     1    00000400    00000300     UNINITIALIZED
                  00000400    00000300     --HOLE--

DevEmuRegsFile 
*          1    00000880    000000d0     UNINITIALIZED
                  00000880    000000d0     DSP2833x_GlobalVariableDefs.obj (DevEmuRegsFile)

FlashRegsFile 
*          1    00000a80    00000008     UNINITIALIZED
                  00000a80    00000008     DSP2833x_GlobalVariableDefs.obj (FlashRegsFile)

CsmRegsFile 
*          1    00000ae0    00000010     UNINITIALIZED
                  00000ae0    00000010     DSP2833x_GlobalVariableDefs.obj (CsmRegsFile)

AdcMirrorFile 
*          1    00000b00    00000010     UNINITIALIZED
                  00000b00    00000010     DSP2833x_GlobalVariableDefs.obj (AdcMirrorFile)

XintfRegsFile 
*          1    00000b20    0000001e     UNINITIALIZED
                  00000b20    0000001e     DSP2833x_GlobalVariableDefs.obj (XintfRegsFile)

CpuTimer0RegsFile 
*          1    00000c00    00000008     UNINITIALIZED
                  00000c00    00000008     DSP2833x_GlobalVariableDefs.obj (CpuTimer0RegsFile)

CpuTimer1RegsFile 
*          1    00000c08    00000008     UNINITIALIZED
                  00000c08    00000008     DSP2833x_GlobalVariableDefs.obj (CpuTimer1RegsFile)

CpuTimer2RegsFile 
*          1    00000c10    00000008     UNINITIALIZED
                  00000c10    00000008     DSP2833x_GlobalVariableDefs.obj (CpuTimer2RegsFile)

PieCtrlRegsFile 
*          1    00000ce0    0000001a     UNINITIALIZED
                  00000ce0    0000001a     DSP2833x_GlobalVariableDefs.obj (PieCtrlRegsFile)

PieVectTableFile 
*          1    00000d00    00000100     UNINITIALIZED
                  00000d00    00000100     DSP2833x_GlobalVariableDefs.obj (PieVectTableFile)

DmaRegsFile 
*          1    00001000    000000e0     UNINITIALIZED
                  00001000    000000e0     DSP2833x_GlobalVariableDefs.obj (DmaRegsFile)

McbspaRegsFile 
*          1    00005000    00000025     UNINITIALIZED
                  00005000    00000025     DSP2833x_GlobalVariableDefs.obj (McbspaRegsFile)

McbspbRegsFile 
*          1    00005040    00000025     UNINITIALIZED
                  00005040    00000025     DSP2833x_GlobalVariableDefs.obj (McbspbRegsFile)

ECanaRegsFile 
*          1    00006000    00000034     UNINITIALIZED
                  00006000    00000034     DSP2833x_GlobalVariableDefs.obj (ECanaRegsFile)

ECanaLAMRegsFile 
*          1    00006040    00000040     UNINITIALIZED
                  00006040    00000040     DSP2833x_GlobalVariableDefs.obj (ECanaLAMRegsFile)

ECanaMOTSRegsFile 
*          1    00006080    00000040     UNINITIALIZED
                  00006080    00000040     DSP2833x_GlobalVariableDefs.obj (ECanaMOTSRegsFile)

ECanaMOTORegsFile 
*          1    000060c0    00000040     UNINITIALIZED
                  000060c0    00000040     DSP2833x_GlobalVariableDefs.obj (ECanaMOTORegsFile)

ECanaMboxesFile 
*          1    00006100    00000100     UNINITIALIZED
                  00006100    00000100     DSP2833x_GlobalVariableDefs.obj (ECanaMboxesFile)

ECanbRegsFile 
*          1    00006200    00000034     UNINITIALIZED
                  00006200    00000034     DSP2833x_GlobalVariableDefs.obj (ECanbRegsFile)

ECanbLAMRegsFile 
*          1    00006240    00000040     UNINITIALIZED
                  00006240    00000040     DSP2833x_GlobalVariableDefs.obj (ECanbLAMRegsFile)

ECanbMOTSRegsFile 
*          1    00006280    00000040     UNINITIALIZED
                  00006280    00000040     DSP2833x_GlobalVariableDefs.obj (ECanbMOTSRegsFile)

ECanbMOTORegsFile 
*          1    000062c0    00000040     UNINITIALIZED
                  000062c0    00000040     DSP2833x_GlobalVariableDefs.obj (ECanbMOTORegsFile)

ECanbMboxesFile 
*          1    00006300    00000100     UNINITIALIZED
                  00006300    00000100     DSP2833x_GlobalVariableDefs.obj (ECanbMboxesFile)

EPwm1RegsFile 
*          1    00006800    00000022     UNINITIALIZED
                  00006800    00000022     DSP2833x_GlobalVariableDefs.obj (EPwm1RegsFile)

EPwm2RegsFile 
*          1    00006840    00000022     UNINITIALIZED
                  00006840    00000022     DSP2833x_GlobalVariableDefs.obj (EPwm2RegsFile)

EPwm3RegsFile 
*          1    00006880    00000022     UNINITIALIZED
                  00006880    00000022     DSP2833x_GlobalVariableDefs.obj (EPwm3RegsFile)

EPwm4RegsFile 
*          1    000068c0    00000022     UNINITIALIZED
                  000068c0    00000022     DSP2833x_GlobalVariableDefs.obj (EPwm4RegsFile)

EPwm5RegsFile 
*          1    00006900    00000022     UNINITIALIZED
                  00006900    00000022     DSP2833x_GlobalVariableDefs.obj (EPwm5RegsFile)

EPwm6RegsFile 
*          1    00006940    00000022     UNINITIALIZED
                  00006940    00000022     DSP2833x_GlobalVariableDefs.obj (EPwm6RegsFile)

ECap1RegsFile 
*          1    00006a00    00000020     UNINITIALIZED
                  00006a00    00000020     DSP2833x_GlobalVariableDefs.obj (ECap1RegsFile)

ECap2RegsFile 
*          1    00006a20    00000020     UNINITIALIZED
                  00006a20    00000020     DSP2833x_GlobalVariableDefs.obj (ECap2RegsFile)

ECap3RegsFile 
*          1    00006a40    00000020     UNINITIALIZED
                  00006a40    00000020     DSP2833x_GlobalVariableDefs.obj (ECap3RegsFile)

ECap4RegsFile 
*          1    00006a60    00000020     UNINITIALIZED
                  00006a60    00000020     DSP2833x_GlobalVariableDefs.obj (ECap4RegsFile)

ECap5RegsFile 
*          1    00006a80    00000020     UNINITIALIZED
                  00006a80    00000020     DSP2833x_GlobalVariableDefs.obj (ECap5RegsFile)

ECap6RegsFile 
*          1    00006aa0    00000020     UNINITIALIZED
                  00006aa0    00000020     DSP2833x_GlobalVariableDefs.obj (ECap6RegsFile)

EQep1RegsFile 
*          1    00006b00    00000040     UNINITIALIZED
                  00006b00    00000040     DSP2833x_GlobalVariableDefs.obj (EQep1RegsFile)

EQep2RegsFile 
*          1    00006b40    00000040     UNINITIALIZED
                  00006b40    00000040     DSP2833x_GlobalVariableDefs.obj (EQep2RegsFile)

GpioCtrlRegsFile 
*          1    00006f80    0000002e     UNINITIALIZED
                  00006f80    0000002e     DSP2833x_GlobalVariableDefs.obj (GpioCtrlRegsFile)

GpioDataRegsFile 
*          1    00006fc0    00000020     UNINITIALIZED
                  00006fc0    00000020     DSP2833x_GlobalVariableDefs.obj (GpioDataRegsFile)

GpioIntRegsFile 
*          1    00006fe0    0000000a     UNINITIALIZED
                  00006fe0    0000000a     DSP2833x_GlobalVariableDefs.obj (GpioIntRegsFile)

SysCtrlRegsFile 
*          1    00007010    00000020     UNINITIALIZED
                  00007010    00000020     DSP2833x_GlobalVariableDefs.obj (SysCtrlRegsFile)

SpiaRegsFile 
*          1    00007040    00000010     UNINITIALIZED
                  00007040    00000010     DSP2833x_GlobalVariableDefs.obj (SpiaRegsFile)

SciaRegsFile 
*          1    00007050    00000010     UNINITIALIZED
                  00007050    00000010     DSP2833x_GlobalVariableDefs.obj (SciaRegsFile)

XIntruptRegsFile 
*          1    00007070    00000010     UNINITIALIZED
                  00007070    00000010     DSP2833x_GlobalVariableDefs.obj (XIntruptRegsFile)

AdcRegsFile 
*          1    00007100    0000001e     UNINITIALIZED
                  00007100    0000001e     DSP2833x_GlobalVariableDefs.obj (AdcRegsFile)

ScibRegsFile 
*          1    00007750    00000010     UNINITIALIZED
                  00007750    00000010     DSP2833x_GlobalVariableDefs.obj (ScibRegsFile)

ScicRegsFile 
*          1    00007770    00000010     UNINITIALIZED
                  00007770    00000010     DSP2833x_GlobalVariableDefs.obj (ScicRegsFile)

I2caRegsFile 
*          1    00007900    00000022     UNINITIALIZED
                  00007900    00000022     DSP2833x_GlobalVariableDefs.obj (I2caRegsFile)

.ebss      1    0000c000    00000105     UNINITIALIZED
                  0000c000    0000007c     User_Program.obj (.ebss)
                  0000c07c    00000004     rts2800_fpu32.lib : _lock.obj (.ebss)
                  0000c080    00000062     User_PID.obj (.ebss)
                  0000c0e2    00000018     DSP2833x_CpuTimers.obj (.ebss)
                  0000c0fa    00000006     main.obj (.ebss)
                  0000c100    00000004     rts2800_fpu32.lib : exit.obj (.ebss)
                  0000c104    00000001     User_Init.obj (.ebss)

.econst    1    0000d000    00000100     
                  0000d000    00000100     DSP2833x_PieVect.obj (.econst)

CsmPwlFile 
*          1    0033fff8    00000008     UNINITIALIZED
                  0033fff8    00000008     DSP2833x_GlobalVariableDefs.obj (CsmPwlFile)


GLOBAL SYMBOLS: SORTED ALPHABETICALLY BY Name 

address    name
--------   ----
00009000   .text
0000a64d   C$$EXIT
0000a370   FS$$DIV
0000a5f0   I$$DIV
0000a601   I$$MOD
000090d4   _ADC
00009814   _ADCINT_ISR
00009c62   _ADCInit
00380080   _ADC_cal
0000c05c   _AD_Out
00000b00   _AdcMirror
00007100   _AdcRegs
0000c064   _AdcResult
00009075   _CLARK
00009a51   _CPUTimer0_Init
0000a437   _ConfigCpuTimer
00009665   _Control_process
0000c0f2   _CpuTimer0
00000c00   _CpuTimer0Regs
0000c0e2   _CpuTimer1
00000c08   _CpuTimer1Regs
0000c0ea   _CpuTimer2
00000c10   _CpuTimer2Regs
0033fff8   _CsmPwl
00000ae0   _CsmRegs
0000a0ba   _CsmUnlock
00009742   _DATALOG_ISR
00009936   _DINTCH1_ISR
00009940   _DINTCH2_ISR
0000994a   _DINTCH3_ISR
00009954   _DINTCH4_ISR
0000995e   _DINTCH5_ISR
00009968   _DINTCH6_ISR
0000a6a2   _DSP28x_usDelay
00009023   _DelayForDataReading
00009027   _DelayUs
00000880   _DevEmuRegs
0000a00b   _DisableDog
00001000   _DmaRegs
000099c2   _ECAN0INTA_ISR
000099d6   _ECAN0INTB_ISR
000099cc   _ECAN1INTA_ISR
000099e0   _ECAN1INTB_ISR
000098aa   _ECAP1_INT_ISR
000098b4   _ECAP2_INT_ISR
000098be   _ECAP3_INT_ISR
000098c8   _ECAP4_INT_ISR
000098d2   _ECAP5_INT_ISR
000098dc   _ECAP6_INT_ISR
00006040   _ECanaLAMRegs
000060c0   _ECanaMOTORegs
00006080   _ECanaMOTSRegs
00006100   _ECanaMboxes
00006000   _ECanaRegs
00006240   _ECanbLAMRegs
000062c0   _ECanbMOTORegs
00006280   _ECanbMOTSRegs
00006300   _ECanbMboxes
00006200   _ECanbRegs
00006a00   _ECap1Regs
00006a20   _ECap2Regs
00006a40   _ECap3Regs
00006a60   _ECap4Regs
00006a80   _ECap5Regs
00006aa0   _ECap6Regs
00009a30   _EMPTY_ISR
00009756   _EMUINT_ISR
00009bad   _EPWM1Init
0000986e   _EPWM1_INT_ISR
00009832   _EPWM1_TZINT_ISR
00009bf0   _EPWM2Init
00009878   _EPWM2_INT_ISR
0000983c   _EPWM2_TZINT_ISR
00009c29   _EPWM3Init
00009882   _EPWM3_INT_ISR
00009846   _EPWM3_TZINT_ISR
0000988c   _EPWM4_INT_ISR
00009850   _EPWM4_TZINT_ISR
00009896   _EPWM5_INT_ISR
0000985a   _EPWM5_TZINT_ISR
000098a0   _EPWM6_INT_ISR
00009864   _EPWM6_TZINT_ISR
00006800   _EPwm1Regs
00006840   _EPwm2Regs
00006880   _EPwm3Regs
000068c0   _EPwm4Regs
00006900   _EPwm5Regs
00006940   _EPwm6Regs
000098e6   _EQEP1_INT_ISR
000098f0   _EQEP2_INT_ISR
00006b00   _EQep1Regs
00006b40   _EQep2Regs
0000a5e7   _EnableInterrupts
00000a80   _FlashRegs
00009a62   _GPIO_Init
00006f80   _GpioCtrlRegs
00006fc0   _GpioDataRegs
00006fe0   _GpioIntRegs
0000c032   _Half_Tpwm
00009972   _I2CINT1A_ISR
0000997c   _I2CINT2A_ISR
00007900   _I2caRegs
0000976a   _ILLEGAL_ISR
0000972e   _INT13_ISR
00009738   _INT14_ISR
0000c0fe   _I_LED
0000c072   _Ia_Buffer
0000c048   _Ia_Current
0000c03a   _Ia_average
0000c068   _Ib_Buffer
0000c046   _Ib_Current
0000c03c   _Ib_average
0000a67d   _InitAdc
0000a3f8   _InitCpuTimers
00009e72   _InitECan
00009fc9   _InitECanGpio
00009e77   _InitECana
00009fce   _InitECanaGpio
00009f44   _InitECanb
00009fe4   _InitECanbGpio
0000a2a8   _InitEPwm
0000a2b6   _InitEPwm1Gpio
0000a2c8   _InitEPwm2Gpio
0000a2da   _InitEPwm3Gpio
0000a2ee   _InitEPwm4Gpio
0000a302   _InitEPwm5Gpio
0000a314   _InitEPwm6Gpio
0000a2a9   _InitEPwmGpio
0000a326   _InitEPwmSyncGpio
0000a52c   _InitEQep
0000a532   _InitEQep1Gpio
0000a55c   _InitEQep2Gpio
0000a52d   _InitEQepGpio
000081ed   _InitFlash
0000a666   _InitGpio
0000a061   _InitPeripheralClocks
0000a5c8   _InitPieCtrl
0000a612   _InitPieVectTable
0000a013   _InitPll
00009ff8   _InitSysCtrl
0000a33a   _InitTzGpio
0000a0eb   _InitXintf
0000a184   _InitXintf16Gpio
0000a13d   _InitXintf32Gpio
00009036   _Inverse_PARK
0000c010   _Is_a
0000c024   _Is_alpha
0000c012   _Is_b
0000c026   _Is_beta
0000c01c   _Is_d
0000c016   _Is_q
0000c0fb   _LED
00009a26   _LUF_ISR
00009a1c   _LVF_ISR
00009922   _MRINTA_ISR
0000990e   _MRINTB_ISR
0000992c   _MXINTA_ISR
00009918   _MXINTB_ISR
00009b51   _Mcbsp_spi_init
00005000   _McbspaRegs
00005040   _McbspbRegs
00009760   _NMI_ISR
00009093   _PARK
00009a3d   _PIE_RESERVED
00009c93   _POSSPEED_Init
00009a84   _POWER_IO_Init
00009ab4   _PWM_GPio_Init
00000ce0   _PieCtrlRegs
00000d00   _PieVectTable
0000d000   _PieVectTableInit
0000957a   _Position_Calculate
0000c060   _Position_Rota
0000c028   _Position_TEMP
0000c022   _Present_Motor_Position
00009000   _RESOLVER_DATCON
0000974c   _RTOSINT_ISR
0000999a   _SCIRXINTA_ISR
000099ae   _SCIRXINTB_ISR
00009986   _SCIRXINTC_ISR
000099a4   _SCITXINTA_ISR
000099b8   _SCITXINTB_ISR
00009990   _SCITXINTC_ISR
000097ec   _SEQ1INT_ISR
000097f6   _SEQ2INT_ISR
000098fa   _SPIRXINTA_ISR
00009904   _SPITXINTA_ISR
00009226   _SVPWM
00007050   _SciaRegs
00007750   _ScibRegs
00007770   _ScicRegs
0000c058   _Sensor_Coeff
0000a001   _ServiceDog
0000c02e   _Speed_Current_joint
0000c034   _Speed_Current_temp
0000c02c   _Speed_Current_temp_joint
00007040   _SpiaRegs
00007010   _SysCtrlRegs
0000981e   _TINT0_ISR
0000c01e   _Theta_S
0000c002   _Time_C_a
0000c00e   _Time_C_b
0000c009   _Time_C_c
0000c052   _Time_Coefficient
000097ce   _USER10_ISR
000097d8   _USER11_ISR
000097e2   _USER12_ISR
00009774   _USER1_ISR
0000977e   _USER2_ISR
00009788   _USER3_ISR
00009792   _USER4_ISR
0000979c   _USER5_ISR
000097a6   _USER6_ISR
000097b0   _USER7_ISR
000097ba   _USER8_ISR
000097c4   _USER9_ISR
0000c018   _Udc
0000c020   _Us_alpha
0000c030   _Us_beta
0000c014   _Us_d
0000c01a   _Us_q
0000c000   _Us_quadrant
0000c054   _Voltage_Offset
00009828   _WAKEINT_ISR
00009800   _XINT1_ISR
0000980a   _XINT2_ISR
000099ea   _XINT3_ISR
000099f4   _XINT4_ISR
000099fe   _XINT5_ISR
00009a08   _XINT6_ISR
00009a12   _XINT7_ISR
00007070   _XIntruptRegs
00000b20   _XintfRegs
00000700   __STACK_END
00000300   __STACK_SIZE
00000001   __TI_args_main
ffffffff   ___binit__
ffffffff   ___c_args__
00008000   ___cinit__
0000a6a6   ___etext__
ffffffff   ___pinit__
00009000   ___text__
0000a632   __args_main
0000c100   __cleanup_ptr
0000c102   __dtors_ptr
0000c07e   __lock
0000a699   __nop
0000a695   __register_lock
0000a691   __register_unlock
00000400   __stack
0000c07c   __unlock
0000a64d   _abort
0000a582   _c_int00
0000a472   _cos
0000a249   _cpu_timer0_isr
0000c0ac   _current_limit
0000c00c   _current_times
0000c007   _direction
0000c0fc   _en_2136
0000a265   _epwm1_isr
0000a64f   _exit
0000c00d   _i
0000c104   _i2
00009daa   _iCONTROLLER_d
00009e0e   _iCONTROLLER_q
0000c080   _iERR1_d
0000c09e   _iERR1_q
0000c082   _iERR2_d
0000c0a4   _iERR2_q
0000c08a   _iERR_d
0000c0b0   _iERR_q
0000c04a   _iFB_d
0000c04e   _iFB_q
0000c084   _iKD_d
0000c0ae   _iKD_q
0000c096   _iKI_d
0000c0ce   _iKI_q
0000c094   _iKP_d
0000c0aa   _iKP_q
0000c0a8   _iOUT_DOWN_LIM_d
0000c0a2   _iOUT_DOWN_LIM_q
0000c088   _iOUT_LAST_d
0000c0a6   _iOUT_LAST_q
0000c0b2   _iOUT_UP_LIM_d
0000c0a0   _iOUT_UP_LIM_q
0000c08c   _iOUT_d
0000c086   _iOUT_df
0000c09a   _iOUT_q
0000c09c   _iOUT_qf
0000c04c   _iREF_d
0000c050   _iREF_q
0000c008   _i_sin
0000c001   _i_var
0000c003   _icounter
0000c0fa   _loop
0000a1da   _main
0000c038   _max_a
0000c044   _max_b
0000c036   _min_a
0000c042   _min_b
0000c006   _mode_choose
0000c00b   _motor_data
0000c02a   _motor_position
00009ca4   _pCONTROLLER
0000c0b4   _pERR
0000c0b6   _pERR1
0000c0c0   _pERR2
0000c0be   _pFB
0000c0c4   _pKD
0000c0c2   _pKI
0000c0d8   _pKP
0000c0ba   _pOUT
0000c0d4   _pOUT_DOWN_LIM
0000c0bc   _pOUT_LAST
0000c0de   _pOUT_UP_LIM
0000c0b8   _pREF
0000c005   _position_times
00009a47   _rsvd_ISR
00009d35   _sCONTROLLER
00009600   _sCalculation
0000c0d0   _sERR
0000c0c6   _sERR1
0000c0c8   _sERR2
0000c0ca   _sFB
0000c0da   _sKD
0000c0e0   _sKI
0000c0d6   _sKP
0000c0d2   _sOUT
0000c08e   _sOUT_DOWN_LIM
0000c092   _sOUT_LAST
0000c098   _sOUT_UP_LIM
0000c0dc   _sREF
0000c090   _sREF_LAST
0000c03e   _s_a
0000c040   _s_b
0000a4d0   _sin
0000c0cc   _spOUT
00009ae4   _spi_GPio_Init
00009b49   _spi_fifo_init
00009b36   _spi_init
0000c00a   _t
0000c004   _velocity_times
ffffffff   binit
00008000   cinit
00000000   code_start
0000a6a6   etext
ffffffff   pinit


GLOBAL SYMBOLS: SORTED BY Symbol Address 

address    name
--------   ----
00000000   code_start
00000001   __TI_args_main
00000300   __STACK_SIZE
00000400   __stack
00000700   __STACK_END
00000880   _DevEmuRegs
00000a80   _FlashRegs
00000ae0   _CsmRegs
00000b00   _AdcMirror
00000b20   _XintfRegs
00000c00   _CpuTimer0Regs
00000c08   _CpuTimer1Regs
00000c10   _CpuTimer2Regs
00000ce0   _PieCtrlRegs
00000d00   _PieVectTable
00001000   _DmaRegs
00005000   _McbspaRegs
00005040   _McbspbRegs
00006000   _ECanaRegs
00006040   _ECanaLAMRegs
00006080   _ECanaMOTSRegs
000060c0   _ECanaMOTORegs
00006100   _ECanaMboxes
00006200   _ECanbRegs
00006240   _ECanbLAMRegs
00006280   _ECanbMOTSRegs
000062c0   _ECanbMOTORegs
00006300   _ECanbMboxes
00006800   _EPwm1Regs
00006840   _EPwm2Regs
00006880   _EPwm3Regs
000068c0   _EPwm4Regs
00006900   _EPwm5Regs
00006940   _EPwm6Regs
00006a00   _ECap1Regs
00006a20   _ECap2Regs
00006a40   _ECap3Regs
00006a60   _ECap4Regs
00006a80   _ECap5Regs
00006aa0   _ECap6Regs
00006b00   _EQep1Regs
00006b40   _EQep2Regs
00006f80   _GpioCtrlRegs
00006fc0   _GpioDataRegs
00006fe0   _GpioIntRegs
00007010   _SysCtrlRegs
00007040   _SpiaRegs
00007050   _SciaRegs
00007070   _XIntruptRegs
00007100   _AdcRegs
00007750   _ScibRegs
00007770   _ScicRegs
00007900   _I2caRegs
00008000   ___cinit__
00008000   cinit
000081ed   _InitFlash
00009000   .text
00009000   _RESOLVER_DATCON
00009000   ___text__
00009023   _DelayForDataReading
00009027   _DelayUs
00009036   _Inverse_PARK
00009075   _CLARK
00009093   _PARK
000090d4   _ADC
00009226   _SVPWM
0000957a   _Position_Calculate
00009600   _sCalculation
00009665   _Control_process
0000972e   _INT13_ISR
00009738   _INT14_ISR
00009742   _DATALOG_ISR
0000974c   _RTOSINT_ISR
00009756   _EMUINT_ISR
00009760   _NMI_ISR
0000976a   _ILLEGAL_ISR
00009774   _USER1_ISR
0000977e   _USER2_ISR
00009788   _USER3_ISR
00009792   _USER4_ISR
0000979c   _USER5_ISR
000097a6   _USER6_ISR
000097b0   _USER7_ISR
000097ba   _USER8_ISR
000097c4   _USER9_ISR
000097ce   _USER10_ISR
000097d8   _USER11_ISR
000097e2   _USER12_ISR
000097ec   _SEQ1INT_ISR
000097f6   _SEQ2INT_ISR
00009800   _XINT1_ISR
0000980a   _XINT2_ISR
00009814   _ADCINT_ISR
0000981e   _TINT0_ISR
00009828   _WAKEINT_ISR
00009832   _EPWM1_TZINT_ISR
0000983c   _EPWM2_TZINT_ISR
00009846   _EPWM3_TZINT_ISR
00009850   _EPWM4_TZINT_ISR
0000985a   _EPWM5_TZINT_ISR
00009864   _EPWM6_TZINT_ISR
0000986e   _EPWM1_INT_ISR
00009878   _EPWM2_INT_ISR
00009882   _EPWM3_INT_ISR
0000988c   _EPWM4_INT_ISR
00009896   _EPWM5_INT_ISR
000098a0   _EPWM6_INT_ISR
000098aa   _ECAP1_INT_ISR
000098b4   _ECAP2_INT_ISR
000098be   _ECAP3_INT_ISR
000098c8   _ECAP4_INT_ISR
000098d2   _ECAP5_INT_ISR
000098dc   _ECAP6_INT_ISR
000098e6   _EQEP1_INT_ISR
000098f0   _EQEP2_INT_ISR
000098fa   _SPIRXINTA_ISR
00009904   _SPITXINTA_ISR
0000990e   _MRINTB_ISR
00009918   _MXINTB_ISR
00009922   _MRINTA_ISR
0000992c   _MXINTA_ISR
00009936   _DINTCH1_ISR
00009940   _DINTCH2_ISR
0000994a   _DINTCH3_ISR
00009954   _DINTCH4_ISR
0000995e   _DINTCH5_ISR
00009968   _DINTCH6_ISR
00009972   _I2CINT1A_ISR
0000997c   _I2CINT2A_ISR
00009986   _SCIRXINTC_ISR
00009990   _SCITXINTC_ISR
0000999a   _SCIRXINTA_ISR
000099a4   _SCITXINTA_ISR
000099ae   _SCIRXINTB_ISR
000099b8   _SCITXINTB_ISR
000099c2   _ECAN0INTA_ISR
000099cc   _ECAN1INTA_ISR
000099d6   _ECAN0INTB_ISR
000099e0   _ECAN1INTB_ISR
000099ea   _XINT3_ISR
000099f4   _XINT4_ISR
000099fe   _XINT5_ISR
00009a08   _XINT6_ISR
00009a12   _XINT7_ISR
00009a1c   _LVF_ISR
00009a26   _LUF_ISR
00009a30   _EMPTY_ISR
00009a3d   _PIE_RESERVED
00009a47   _rsvd_ISR
00009a51   _CPUTimer0_Init
00009a62   _GPIO_Init
00009a84   _POWER_IO_Init
00009ab4   _PWM_GPio_Init
00009ae4   _spi_GPio_Init
00009b36   _spi_init
00009b49   _spi_fifo_init
00009b51   _Mcbsp_spi_init
00009bad   _EPWM1Init
00009bf0   _EPWM2Init
00009c29   _EPWM3Init
00009c62   _ADCInit
00009c93   _POSSPEED_Init
00009ca4   _pCONTROLLER
00009d35   _sCONTROLLER
00009daa   _iCONTROLLER_d
00009e0e   _iCONTROLLER_q
00009e72   _InitECan
00009e77   _InitECana
00009f44   _InitECanb
00009fc9   _InitECanGpio
00009fce   _InitECanaGpio
00009fe4   _InitECanbGpio
00009ff8   _InitSysCtrl
0000a001   _ServiceDog
0000a00b   _DisableDog
0000a013   _InitPll
0000a061   _InitPeripheralClocks
0000a0ba   _CsmUnlock
0000a0eb   _InitXintf
0000a13d   _InitXintf32Gpio
0000a184   _InitXintf16Gpio
0000a1da   _main
0000a249   _cpu_timer0_isr
0000a265   _epwm1_isr
0000a2a8   _InitEPwm
0000a2a9   _InitEPwmGpio
0000a2b6   _InitEPwm1Gpio
0000a2c8   _InitEPwm2Gpio
0000a2da   _InitEPwm3Gpio
0000a2ee   _InitEPwm4Gpio
0000a302   _InitEPwm5Gpio
0000a314   _InitEPwm6Gpio
0000a326   _InitEPwmSyncGpio
0000a33a   _InitTzGpio
0000a370   FS$$DIV
0000a3f8   _InitCpuTimers
0000a437   _ConfigCpuTimer
0000a472   _cos
0000a4d0   _sin
0000a52c   _InitEQep
0000a52d   _InitEQepGpio
0000a532   _InitEQep1Gpio
0000a55c   _InitEQep2Gpio
0000a582   _c_int00
0000a5c8   _InitPieCtrl
0000a5e7   _EnableInterrupts
0000a5f0   I$$DIV
0000a601   I$$MOD
0000a612   _InitPieVectTable
0000a632   __args_main
0000a64d   C$$EXIT
0000a64d   _abort
0000a64f   _exit
0000a666   _InitGpio
0000a67d   _InitAdc
0000a691   __register_unlock
0000a695   __register_lock
0000a699   __nop
0000a6a2   _DSP28x_usDelay
0000a6a6   ___etext__
0000a6a6   etext
0000c000   _Us_quadrant
0000c001   _i_var
0000c002   _Time_C_a
0000c003   _icounter
0000c004   _velocity_times
0000c005   _position_times
0000c006   _mode_choose
0000c007   _direction
0000c008   _i_sin
0000c009   _Time_C_c
0000c00a   _t
0000c00b   _motor_data
0000c00c   _current_times
0000c00d   _i
0000c00e   _Time_C_b
0000c010   _Is_a
0000c012   _Is_b
0000c014   _Us_d
0000c016   _Is_q
0000c018   _Udc
0000c01a   _Us_q
0000c01c   _Is_d
0000c01e   _Theta_S
0000c020   _Us_alpha
0000c022   _Present_Motor_Position
0000c024   _Is_alpha
0000c026   _Is_beta
0000c028   _Position_TEMP
0000c02a   _motor_position
0000c02c   _Speed_Current_temp_joint
0000c02e   _Speed_Current_joint
0000c030   _Us_beta
0000c032   _Half_Tpwm
0000c034   _Speed_Current_temp
0000c036   _min_a
0000c038   _max_a
0000c03a   _Ia_average
0000c03c   _Ib_average
0000c03e   _s_a
0000c040   _s_b
0000c042   _min_b
0000c044   _max_b
0000c046   _Ib_Current
0000c048   _Ia_Current
0000c04a   _iFB_d
0000c04c   _iREF_d
0000c04e   _iFB_q
0000c050   _iREF_q
0000c052   _Time_Coefficient
0000c054   _Voltage_Offset
0000c058   _Sensor_Coeff
0000c05c   _AD_Out
0000c060   _Position_Rota
0000c064   _AdcResult
0000c068   _Ib_Buffer
0000c072   _Ia_Buffer
0000c07c   __unlock
0000c07e   __lock
0000c080   _iERR1_d
0000c082   _iERR2_d
0000c084   _iKD_d
0000c086   _iOUT_df
0000c088   _iOUT_LAST_d
0000c08a   _iERR_d
0000c08c   _iOUT_d
0000c08e   _sOUT_DOWN_LIM
0000c090   _sREF_LAST
0000c092   _sOUT_LAST
0000c094   _iKP_d
0000c096   _iKI_d
0000c098   _sOUT_UP_LIM
0000c09a   _iOUT_q
0000c09c   _iOUT_qf
0000c09e   _iERR1_q
0000c0a0   _iOUT_UP_LIM_q
0000c0a2   _iOUT_DOWN_LIM_q
0000c0a4   _iERR2_q
0000c0a6   _iOUT_LAST_q
0000c0a8   _iOUT_DOWN_LIM_d
0000c0aa   _iKP_q
0000c0ac   _current_limit
0000c0ae   _iKD_q
0000c0b0   _iERR_q
0000c0b2   _iOUT_UP_LIM_d
0000c0b4   _pERR
0000c0b6   _pERR1
0000c0b8   _pREF
0000c0ba   _pOUT
0000c0bc   _pOUT_LAST
0000c0be   _pFB
0000c0c0   _pERR2
0000c0c2   _pKI
0000c0c4   _pKD
0000c0c6   _sERR1
0000c0c8   _sERR2
0000c0ca   _sFB
0000c0cc   _spOUT
0000c0ce   _iKI_q
0000c0d0   _sERR
0000c0d2   _sOUT
0000c0d4   _pOUT_DOWN_LIM
0000c0d6   _sKP
0000c0d8   _pKP
0000c0da   _sKD
0000c0dc   _sREF
0000c0de   _pOUT_UP_LIM
0000c0e0   _sKI
0000c0e2   _CpuTimer1
0000c0ea   _CpuTimer2
0000c0f2   _CpuTimer0
0000c0fa   _loop
0000c0fb   _LED
0000c0fc   _en_2136
0000c0fe   _I_LED
0000c100   __cleanup_ptr
0000c102   __dtors_ptr
0000c104   _i2
0000d000   _PieVectTableInit
0033fff8   _CsmPwl
00380080   _ADC_cal
ffffffff   ___binit__
ffffffff   ___c_args__
ffffffff   ___pinit__
ffffffff   binit
ffffffff   pinit

[346 symbols]
